---
source: contracts/account/tests/adapters.rs
expression: all_storage
---
"abstract:account-local-0":
  - - aa
    - "false"
  - - ab
    - "{\"name\":\"Default Abstract Account\"}"
  - - af
    - "[]"
  - - ag
    - "{\"trace\":\"local\",\"seq\":0}"
  - - ai
    - "[]"
  - - contract_info
    - "{\"contract\":\"abstract:account\",\"version\":\"0.24.0\"}"
  - - ownership
    - "{\"owner\":{\"monarchy\":{\"monarch\":\"mock14cl2dthqamgucg9sfvv4relp3aa83e40yfzzc8\"}},\"pending_owner\":null,\"pending_expiry\":null}"
"abstract:account-local-1":
  - - "\u0000\u0002actester:mock-adapter1"
    - "\"mock15zqqgwe6cpfmmyzmp3t8lkqctq3vym7srnn6fzgz0x9vfvtv7zhqehpsve\""
  - - aa
    - "false"
  - - ab
    - "{\"name\":\"Default Abstract Account\"}"
  - - af
    - "[\"mock15zqqgwe6cpfmmyzmp3t8lkqctq3vym7srnn6fzgz0x9vfvtv7zhqehpsve\"]"
  - - ag
    - "{\"trace\":\"local\",\"seq\":1}"
  - - ah
    - "[[{\"info\":{\"namespace\":\"tester\",\"name\":\"mock-adapter1\",\"version\":{\"version\":\"2.0.0\"}},\"reference\":{\"adapter\":\"mock15zqqgwe6cpfmmyzmp3t8lkqctq3vym7srnn6fzgz0x9vfvtv7zhqehpsve\"}},null]]"
  - - ai
    - "[]"
  - - contract_info
    - "{\"contract\":\"abstract:account\",\"version\":\"0.24.0\"}"
  - - ownership
    - "{\"owner\":{\"monarchy\":{\"monarch\":\"mock1pgm8hyk0pvphmlvfjc8wsvk4daluz5tgrw6pu5mfpemk74uxnx9qwrtv4f\"}},\"pending_owner\":null,\"pending_expiry\":null}"
"abstract:ans-host":
  - - be
    - "[]"
  - - cfg
    - "{\"next_unique_pool_id\":1}"
  - - contract_info
    - "{\"contract\":\"abstract:ans-host\",\"version\":\"0.24.0\"}"
  - - ownership
    - "{\"owner\":\"mock14cl2dthqamgucg9sfvv4relp3aa83e40yfzzc8\",\"pending_owner\":null,\"pending_expiry\":null}"
"abstract:ibc-client":
  - - contract_info
    - "{\"contract\":\"abstract:ibc-client\",\"version\":\"0.24.0\"}"
  - - mod
    - "{\"module\":\"abstract:ibc-client\",\"version\":\"0.24.0\",\"dependencies\":[],\"metadata\":null}"
  - - ownership
    - "{\"owner\":\"mock14cl2dthqamgucg9sfvv4relp3aa83e40yfzzc8\",\"pending_owner\":null,\"pending_expiry\":null}"
"abstract:ibc-host":
  - - contract_info
    - "{\"contract\":\"abstract:ibc-host\",\"version\":\"0.24.0\"}"
  - - ownership
    - "{\"owner\":\"mock14cl2dthqamgucg9sfvv4relp3aa83e40yfzzc8\",\"pending_owner\":null,\"pending_expiry\":null}"
"abstract:module-factory":
  - - contract_info
    - "{\"contract\":\"abstract:module-factory\",\"version\":\"0.24.0\"}"
  - - ownership
    - "{\"owner\":\"mock14cl2dthqamgucg9sfvv4relp3aa83e40yfzzc8\",\"pending_owner\":null,\"pending_expiry\":null}"
"abstract:registry":
  - - "\u0000\u0002cb\u0000\u0006tester\u0000\rmock-adapter11.0.0"
    - "{\"adapter\":\"mock14xc5dkz0rn8j99lxz69mkv3wzawmadg7xurkzy49m9yefmqx5c6s4lc5ql\"}"
  - - "\u0000\u0002cb\u0000\u0006tester\u0000\rmock-adapter12.0.0"
    - "{\"adapter\":\"mock15zqqgwe6cpfmmyzmp3t8lkqctq3vym7srnn6fzgz0x9vfvtv7zhqehpsve\"}"
  - - "\u0000\u0002cb\u0000\babstract\u0000\u0007account0.24.0"
    - "{\"account\":5}"
  - - "\u0000\u0002cb\u0000\babstract\u0000\bans-host0.24.0"
    - "{\"native\":\"mock1pzf4rfa8ly8y306c2zxm9ka4hegpv9c4tsffcxejc3mz4jkcac4qkernmj\"}"
  - - "\u0000\u0002cb\u0000\babstract\u0000\bibc-host0.24.0"
    - "{\"native\":\"mock1dtw8lua8qpav6x3sngqwd3xqmyvg5q0pnv2lkmajzk0rjkjetm2s2pyq4n\"}"
  - - "\u0000\u0002cb\u0000\babstract\u0000\bregistry0.24.0"
    - "{\"native\":\"mock1nhjtxw8enkzn84u24vq5pravwxel8sry793uuhakxwxnzjrz5v4stcajlt\"}"
  - - "\u0000\u0002cb\u0000\babstract\u0000\nibc-client0.24.0"
    - "{\"native\":\"mock1l487rfqw2yevhvh4c3dw706mdy9u703zsawq7xt4h9e0h9up9fgqwk620q\"}"
  - - "\u0000\u0002cb\u0000\babstract\u0000\u000emodule-factory0.24.0"
    - "{\"native\":\"mock1wzrl9hf8xukhu7ukx5quted5m5c2vklmr70tg88a0zkduts7f0sqpr58lc\"}"
  - - "\u0000\u0002ch\u0000\u0005local\u0000\u0000\u0000\u0000"
    - "\"mock1ys8clus4qf2haemyck0uljz74dj2k8hu4ggfpe7vty6zd5j2982q9sf90k\""
  - - "\u0000\u0002ch\u0000\u0005local\u0000\u0000\u0000\u0001"
    - "\"mock1jdl4tasw0x00k2edyf8656lqxy95gx06h2nt5n8qjzv45yxr5ekq0myk0q\""
  - - "\u0000\u0005bbbmbabstract"
    - "{\"trace\":\"local\",\"seq\":0}"
  - - "\u0000\u0005bbbmbtester"
    - "{\"trace\":\"local\",\"seq\":1}"
  - - "\u0000\bblblblbl\u0000\u0005local\u0000\u0000\u0000\u0001"
    - "\"tester\""
  - - cfg
    - "{\"security_disabled\":true,\"namespace_registration_fee\":null}"
  - - ci
    - "2"
  - - contract_info
    - "{\"contract\":\"abstract:registry\",\"version\":\"0.24.0\"}"
  - - ownership
    - "{\"owner\":\"mock14cl2dthqamgucg9sfvv4relp3aa83e40yfzzc8\",\"pending_owner\":null,\"pending_expiry\":null}"
"tester:mock-adapter1":
  - - base_state
    - "{}"
  - - contract_info
    - "{\"contract\":\"tester:mock-adapter1\",\"version\":\"2.0.0\"}"
  - - mod
    - "{\"module\":\"tester:mock-adapter1\",\"version\":\"2.0.0\",\"dependencies\":[],\"metadata\":null}"
