---
source: contracts/account/tests/install_modules.rs
expression: all_storage
---
"abstract:account-local-0":
  - - aa
    - "false"
  - - ab
    - "{\"name\":\"Default Abstract Account\"}"
  - - af
    - "[]"
  - - ag
    - "{\"trace\":\"local\",\"seq\":0}"
  - - ai
    - "[]"
  - - contract_info
    - "{\"contract\":\"abstract:account\",\"version\":\"0.24.1\"}"
  - - ownership
    - "{\"owner\":{\"monarchy\":{\"monarch\":\"mock14cl2dthqamgucg9sfvv4relp3aa83e40yfzzc8\"}},\"pending_owner\":null,\"pending_expiry\":null}"
"abstract:account-local-1":
  - - "\u0000\u0002actester:mock-adapter1"
    - "\"mock1ds5m6wwuu0cr35kmhxmq3up2w0tamsplnna3wm0dkxnyu5x8k03sux5d63\""
  - - aa
    - "false"
  - - ab
    - "{\"name\":\"Default Abstract Account\"}"
  - - af
    - "[\"mock1ds5m6wwuu0cr35kmhxmq3up2w0tamsplnna3wm0dkxnyu5x8k03sux5d63\"]"
  - - ag
    - "{\"trace\":\"local\",\"seq\":1}"
  - - ah
    - "[[{\"info\":{\"namespace\":\"tester\",\"name\":\"mock-adapter1\",\"version\":{\"version\":\"1.0.0\"}},\"reference\":{\"adapter\":\"mock1ds5m6wwuu0cr35kmhxmq3up2w0tamsplnna3wm0dkxnyu5x8k03sux5d63\"}},null]]"
  - - ai
    - "[]"
  - - contract_info
    - "{\"contract\":\"abstract:account\",\"version\":\"0.24.1\"}"
  - - ownership
    - "{\"owner\":{\"monarchy\":{\"monarch\":\"mock1pgm8hyk0pvphmlvfjc8wsvk4daluz5tgrw6pu5mfpemk74uxnx9qwrtv4f\"}},\"pending_owner\":null,\"pending_expiry\":null}"
"abstract:ans-host":
  - - be
    - "[]"
  - - cfg
    - "{\"next_unique_pool_id\":1}"
  - - contract_info
    - "{\"contract\":\"abstract:ans-host\",\"version\":\"0.24.2\"}"
  - - ownership
    - "{\"owner\":\"mock14cl2dthqamgucg9sfvv4relp3aa83e40yfzzc8\",\"pending_owner\":null,\"pending_expiry\":null}"
"abstract:ibc-client":
  - - contract_info
    - "{\"contract\":\"abstract:ibc-client\",\"version\":\"0.24.1\"}"
  - - mod
    - "{\"module\":\"abstract:ibc-client\",\"version\":\"0.24.1\",\"dependencies\":[],\"metadata\":null}"
  - - ownership
    - "{\"owner\":\"mock14cl2dthqamgucg9sfvv4relp3aa83e40yfzzc8\",\"pending_owner\":null,\"pending_expiry\":null}"
"abstract:ibc-host":
  - - contract_info
    - "{\"contract\":\"abstract:ibc-host\",\"version\":\"0.24.1\"}"
  - - ownership
    - "{\"owner\":\"mock14cl2dthqamgucg9sfvv4relp3aa83e40yfzzc8\",\"pending_owner\":null,\"pending_expiry\":null}"
"abstract:module-factory":
  - - contract_info
    - "{\"contract\":\"abstract:module-factory\",\"version\":\"0.24.1\"}"
  - - ownership
    - "{\"owner\":\"mock14cl2dthqamgucg9sfvv4relp3aa83e40yfzzc8\",\"pending_owner\":null,\"pending_expiry\":null}"
"abstract:registry":
  - - "\u0000\u0002cb\u0000\u0006tester\u0000\tmock-app11.0.0"
    - "{\"app\":15}"
  - - "\u0000\u0002cb\u0000\u0006tester\u0000\tmock-app12.0.0"
    - "{\"app\":16}"
  - - "\u0000\u0002cb\u0000\u0006tester\u0000\rmock-adapter11.0.0"
    - "{\"adapter\":\"mock1ds5m6wwuu0cr35kmhxmq3up2w0tamsplnna3wm0dkxnyu5x8k03sux5d63\"}"
  - - "\u0000\u0002cb\u0000\u0006tester\u0000\rmock-adapter12.0.0"
    - "{\"adapter\":\"mock13nrd2qag9dww078z9a2way4kvzpr0k5dkv54e2xfmp2e2decfmjq4g06hw\"}"
  - - "\u0000\u0002cb\u0000\u0006tester\u0000\rmock-adapter21.0.0"
    - "{\"adapter\":\"mock1k9z7fvd3307ynapnk5gjffn706mz8qck502f7qwgt2a2a35kgqlqsv5ehm\"}"
  - - "\u0000\u0002cb\u0000\u0006tester\u0000\rmock-adapter22.0.0"
    - "{\"adapter\":\"mock1d2wr6ej95xepd3wmmpgrkyxwjns6gt5tfscrr3jcuetz7m7z0req77w6zq\"}"
  - - "\u0000\u0002cb\u0000\babstract\u0000\u0007account0.24.1"
    - "{\"account\":5}"
  - - "\u0000\u0002cb\u0000\babstract\u0000\bans-host0.24.2"
    - "{\"native\":\"mock1wx0qjtlz799pfxl73y2f4dv28nukztpmq2ztavk60v534tat9cds0pnytz\"}"
  - - "\u0000\u0002cb\u0000\babstract\u0000\bibc-host0.24.1"
    - "{\"native\":\"mock1aaf9r6s7nxhysuegqrxv0wpm27ypyv4886medd3mrkrw6t4yfcns7ctvz5\"}"
  - - "\u0000\u0002cb\u0000\babstract\u0000\bregistry0.24.3"
    - "{\"native\":\"mock1cag6cwygef6fuddgq2l44py7crpscufrza4mt3rum2axueemenmqapxshc\"}"
  - - "\u0000\u0002cb\u0000\babstract\u0000\nibc-client0.24.1"
    - "{\"native\":\"mock16jzpxp0e8550c9aht6q9svcux30vtyyyyxv5w2l2djjra46580wsgtnl4n\"}"
  - - "\u0000\u0002cb\u0000\babstract\u0000\u000emodule-factory0.24.1"
    - "{\"native\":\"mock1vnj802lyyupfaez73w7axfs3xveraxen370vhcnumaufj29r5rxqwxdk4n\"}"
  - - "\u0000\u0002ch\u0000\u0005local\u0000\u0000\u0000\u0000"
    - "\"mock1ys8clus4qf2haemyck0uljz74dj2k8hu4ggfpe7vty6zd5j2982q9sf90k\""
  - - "\u0000\u0002ch\u0000\u0005local\u0000\u0000\u0000\u0001"
    - "\"mock1jdl4tasw0x00k2edyf8656lqxy95gx06h2nt5n8qjzv45yxr5ekq0myk0q\""
  - - "\u0000\u0002cjabstract"
    - "{\"trace\":\"local\",\"seq\":0}"
  - - "\u0000\u0002cjtester"
    - "{\"trace\":\"local\",\"seq\":1}"
  - - "\u0000\u0002ck\u0000\u0005local\u0000\u0000\u0000\u0000"
    - "\"abstract\""
  - - "\u0000\u0002ck\u0000\u0005local\u0000\u0000\u0000\u0001"
    - "\"tester\""
  - - cfg
    - "{\"security_disabled\":true,\"namespace_registration_fee\":null}"
  - - ci
    - "2"
  - - contract_info
    - "{\"contract\":\"abstract:registry\",\"version\":\"0.24.3\"}"
  - - ownership
    - "{\"owner\":\"mock14cl2dthqamgucg9sfvv4relp3aa83e40yfzzc8\",\"pending_owner\":null,\"pending_expiry\":null}"
"tester:mock-adapter1":
  - - base_state
    - "{}"
  - - contract_info
    - "{\"contract\":\"tester:mock-adapter1\",\"version\":\"2.0.0\"}"
  - - mod
    - "{\"module\":\"tester:mock-adapter1\",\"version\":\"2.0.0\",\"dependencies\":[],\"metadata\":null}"
"tester:mock-adapter2":
  - - base_state
    - "{}"
  - - contract_info
    - "{\"contract\":\"tester:mock-adapter2\",\"version\":\"2.0.0\"}"
  - - mod
    - "{\"module\":\"tester:mock-adapter2\",\"version\":\"2.0.0\",\"dependencies\":[],\"metadata\":null}"
