---
source: contracts/account/tests/proxy.rs
expression: all_storage
---
"abstract:account-local-0":
  - - "\u0000\u0002acabstract:standalone1"
    - "\"mock12hm8apxqfskv44wgapew6dptfyc44vfrvvkac0c2aq8h7mzvnygst0wqrf\""
  - - "\u0000\u0002acabstract:standalone2"
    - "\"mock1fmsfc9fz2gkc52k885szysmyeunghp07dhg94ll4qqpqhm3t85vsf9xwld\""
  - - aa
    - "false"
  - - ab
    - "{\"name\":\"Default Abstract Account\"}"
  - - af
    - "[]"
  - - ag
    - "{\"trace\":\"local\",\"seq\":0}"
  - - ah
    - "[[{\"info\":{\"namespace\":\"abstract\",\"name\":\"standalone2\",\"version\":{\"version\":\"1.0.0\"}},\"reference\":{\"standalone\":14}},\"mock1fmsfc9fz2gkc52k885szysmyeunghp07dhg94ll4qqpqhm3t85vsf9xwld\"]]"
  - - ai
    - "[]"
  - - contract_info
    - "{\"contract\":\"abstract:account\",\"version\":\"0.24.1-beta.1\"}"
  - - ownership
    - "{\"owner\":{\"monarchy\":{\"monarch\":\"mock14cl2dthqamgucg9sfvv4relp3aa83e40yfzzc8\"}},\"pending_owner\":null,\"pending_expiry\":null}"
"abstract:ans-host":
  - - be
    - "[]"
  - - cfg
    - "{\"next_unique_pool_id\":1}"
  - - contract_info
    - "{\"contract\":\"abstract:ans-host\",\"version\":\"0.24.1-beta.1\"}"
  - - ownership
    - "{\"owner\":\"mock14cl2dthqamgucg9sfvv4relp3aa83e40yfzzc8\",\"pending_owner\":null,\"pending_expiry\":null}"
"abstract:ibc-client":
  - - contract_info
    - "{\"contract\":\"abstract:ibc-client\",\"version\":\"0.24.1-beta.1\"}"
  - - mod
    - "{\"module\":\"abstract:ibc-client\",\"version\":\"0.24.1-beta.1\",\"dependencies\":[],\"metadata\":null}"
  - - ownership
    - "{\"owner\":\"mock14cl2dthqamgucg9sfvv4relp3aa83e40yfzzc8\",\"pending_owner\":null,\"pending_expiry\":null}"
"abstract:ibc-host":
  - - contract_info
    - "{\"contract\":\"abstract:ibc-host\",\"version\":\"0.24.1-beta.1\"}"
  - - ownership
    - "{\"owner\":\"mock14cl2dthqamgucg9sfvv4relp3aa83e40yfzzc8\",\"pending_owner\":null,\"pending_expiry\":null}"
"abstract:module-factory":
  - - contract_info
    - "{\"contract\":\"abstract:module-factory\",\"version\":\"0.24.1-beta.1\"}"
  - - da
    - "\"mock1ys8clus4qf2haemyck0uljz74dj2k8hu4ggfpe7vty6zd5j2982q9sf90k\""
  - - ownership
    - "{\"owner\":\"mock14cl2dthqamgucg9sfvv4relp3aa83e40yfzzc8\",\"pending_owner\":null,\"pending_expiry\":null}"
"abstract:registry":
  - - "\u0000\u0002cb\u0000\babstract\u0000\u0007account0.24.1-beta.1"
    - "{\"account\":5}"
  - - "\u0000\u0002cb\u0000\babstract\u0000\bans-host0.24.1-beta.1"
    - "{\"native\":\"mock1wx0qjtlz799pfxl73y2f4dv28nukztpmq2ztavk60v534tat9cds0pnytz\"}"
  - - "\u0000\u0002cb\u0000\babstract\u0000\bibc-host0.24.1-beta.1"
    - "{\"native\":\"mock1ldaf3e9zxja5mrcw3clcu873wggmqhwfvqw9djjcjxxjwv59crqsc6n7r3\"}"
  - - "\u0000\u0002cb\u0000\babstract\u0000\bregistry0.24.1-beta.1"
    - "{\"native\":\"mock1cag6cwygef6fuddgq2l44py7crpscufrza4mt3rum2axueemenmqapxshc\"}"
  - - "\u0000\u0002cb\u0000\babstract\u0000\nibc-client0.24.1-beta.1"
    - "{\"native\":\"mock1g86ckugm7v9vvpadq9szg6rlf72pdl4a6n0d8apltq5t0grecpwqtrcaj0\"}"
  - - "\u0000\u0002cb\u0000\babstract\u0000\u000bstandalone11.0.0"
    - "{\"standalone\":13}"
  - - "\u0000\u0002cb\u0000\babstract\u0000\u000bstandalone21.0.0"
    - "{\"standalone\":14}"
  - - "\u0000\u0002cb\u0000\babstract\u0000\u000emodule-factory0.24.1-beta.1"
    - "{\"native\":\"mock1vnj802lyyupfaez73w7axfs3xveraxen370vhcnumaufj29r5rxqwxdk4n\"}"
  - - "\u0000\u0002cc\u0000\u0000\u0000\u0000\u0000\u0000\u0000\r"
    - "{\"namespace\":\"abstract\",\"name\":\"standalone1\",\"version\":{\"version\":\"1.0.0\"}}"
  - - "\u0000\u0002cc\u0000\u0000\u0000\u0000\u0000\u0000\u0000\u000e"
    - "{\"namespace\":\"abstract\",\"name\":\"standalone2\",\"version\":{\"version\":\"1.0.0\"}}"
  - - "\u0000\u0002ch\u0000\u0005local\u0000\u0000\u0000\u0000"
    - "\"mock1ys8clus4qf2haemyck0uljz74dj2k8hu4ggfpe7vty6zd5j2982q9sf90k\""
  - - "\u0000\u0002cjabstract"
    - "{\"trace\":\"local\",\"seq\":0}"
  - - cfg
    - "{\"security_disabled\":true,\"namespace_registration_fee\":null}"
  - - ci
    - "1"
  - - contract_info
    - "{\"contract\":\"abstract:registry\",\"version\":\"0.24.1-beta.1\"}"
  - - ownership
    - "{\"owner\":\"mock14cl2dthqamgucg9sfvv4relp3aa83e40yfzzc8\",\"pending_owner\":null,\"pending_expiry\":null}"
