---
source: contracts/account/manager/tests/proxy.rs
expression: all_storage
---
"abstract:account-factory":
  - - acseq
    - "1"
  - - cfg
    - "{\"version_control_contract\":\"mock1wug8sewp6cedgkmrmvhl3lf3tulagm9hnvy8p0rppz9yjw0g4wtqwm38hv\",\"ans_host_contract\":\"mock1mzdhwvvh22wrt07w59wxyd58822qavwkx5lcej7aqfkpqqlhaqfsetqc4t\",\"module_factory_address\":\"mock1wkwy0xh89ksdgj9hr347dyd2dw7zesmtrue6kfzyml4vdtz6e5wsldye53\",\"ibc_host\":\"mock14ejqjyq8um4p3xfqj74yld5waqljf88fz25yxnma0cngspxe3les6xzvf5\"}"
  - - contract_info
    - "{\"contract\":\"abstract:account-factory\",\"version\":\"0.20.0\"}"
  - - ownership
    - "{\"owner\":\"mock1pgm8hyk0pvphmlvfjc8wsvk4daluz5tgrw6pu5mfpemk74uxnx9qwrtv4f\",\"pending_owner\":null,\"pending_expiry\":null}"
"abstract:ans-host":
  - - config
    - "{\"next_unique_pool_id\":1}"
  - - contract_info
    - "{\"contract\":\"abstract:ans-host\",\"version\":\"0.20.0\"}"
  - - ownership
    - "{\"owner\":\"mock1pgm8hyk0pvphmlvfjc8wsvk4daluz5tgrw6pu5mfpemk74uxnx9qwrtv4f\",\"pending_owner\":null,\"pending_expiry\":null}"
  - - registered_dexes
    - "[]"
"abstract:ibc-client":
  - - config
    - "{\"version_control\":{\"address\":\"mock1wug8sewp6cedgkmrmvhl3lf3tulagm9hnvy8p0rppz9yjw0g4wtqwm38hv\"},\"ans_host\":{\"address\":\"mock1mzdhwvvh22wrt07w59wxyd58822qavwkx5lcej7aqfkpqqlhaqfsetqc4t\"}}"
  - - contract_info
    - "{\"contract\":\"abstract:ibc-client\",\"version\":\"0.20.0\"}"
  - - module_data
    - "{\"module\":\"abstract:ibc-client\",\"version\":\"0.20.0\",\"dependencies\":[],\"metadata\":null}"
  - - ownership
    - "{\"owner\":\"mock1pgm8hyk0pvphmlvfjc8wsvk4daluz5tgrw6pu5mfpemk74uxnx9qwrtv4f\",\"pending_owner\":null,\"pending_expiry\":null}"
"abstract:ibc-host":
  - - cfg
    - "{\"ans_host\":{\"address\":\"mock1mzdhwvvh22wrt07w59wxyd58822qavwkx5lcej7aqfkpqqlhaqfsetqc4t\"},\"account_factory\":\"mock17p9rzwnnfxcjp32un9ug7yhhzgtkhvl9jfksztgw5uh69wac2pgszycl2y\",\"version_control\":{\"address\":\"mock1wug8sewp6cedgkmrmvhl3lf3tulagm9hnvy8p0rppz9yjw0g4wtqwm38hv\"}}"
  - - contract_info
    - "{\"contract\":\"abstract:ibc-host\",\"version\":\"0.20.0\"}"
  - - ownership
    - "{\"owner\":\"mock1pgm8hyk0pvphmlvfjc8wsvk4daluz5tgrw6pu5mfpemk74uxnx9qwrtv4f\",\"pending_owner\":null,\"pending_expiry\":null}"
"abstract:manager-local-0":
  - - "\u0000\u0007modulesabstract:proxy"
    - "\"mock18dmqux7kjektxhjxlrdxnt6nrvffa3w82l8h0zns9smffvwy47lq0mtca5\""
  - - "\u0000\u0007modulesabstract:standalone1"
    - "\"mock1wr6ur9hmnqgpdh5pc9zd0ad8nxfnm52w5kwdm20k4lnxm3264eusxqqhws\""
  - - "\u0000\u0007modulesabstract:standalone2"
    - "\"mock1v7pmxpk57j5h3sva2dzvepuvg95nzezjcvndwdj5k46ssxwhr24s0l26xn\""
  - - "\u0000{12}is_suspended"
    - "false"
  - - "\u0000{4}info"
    - "{\"name\":\"Default Abstract Account\",\"governance_details\":{\"Monarchy\":{\"monarch\":\"mock1pgm8hyk0pvphmlvfjc8wsvk4daluz5tgrw6pu5mfpemk74uxnx9qwrtv4f\"}},\"chain_id\":\"cosmos-testnet-14002\",\"description\":null,\"link\":null}"
  - - "\u0000{6}config"
    - "{\"version_control_address\":\"mock1wug8sewp6cedgkmrmvhl3lf3tulagm9hnvy8p0rppz9yjw0g4wtqwm38hv\",\"module_factory_address\":\"mock1wkwy0xh89ksdgj9hr347dyd2dw7zesmtrue6kfzyml4vdtz6e5wsldye53\"}"
  - - acc_id
    - "{\"trace\":\"local\",\"seq\":0}"
  - - context
    - "[]"
  - - contract_info
    - "{\"contract\":\"abstract:manager\",\"version\":\"0.20.0\"}"
  - - icontext
    - "[[{\"info\":{\"namespace\":\"abstract\",\"name\":\"standalone2\",\"version\":{\"version\":\"1.0.0\"}},\"reference\":{\"standalone\":10}},\"mock1v7pmxpk57j5h3sva2dzvepuvg95nzezjcvndwdj5k46ssxwhr24s0l26xn\"]]"
  - - ownership
    - "{\"owner\":\"mock1pgm8hyk0pvphmlvfjc8wsvk4daluz5tgrw6pu5mfpemk74uxnx9qwrtv4f\",\"pending_owner\":null,\"pending_expiry\":null}"
"abstract:module-factory":
  - - "\u0000{5}config"
    - "{\"version_control_address\":\"mock1wug8sewp6cedgkmrmvhl3lf3tulagm9hnvy8p0rppz9yjw0g4wtqwm38hv\",\"ans_host_address\":\"mock1mzdhwvvh22wrt07w59wxyd58822qavwkx5lcej7aqfkpqqlhaqfsetqc4t\"}"
  - - contract_info
    - "{\"contract\":\"abstract:module-factory\",\"version\":\"0.20.0\"}"
  - - ownership
    - "{\"owner\":\"mock1pgm8hyk0pvphmlvfjc8wsvk4daluz5tgrw6pu5mfpemk74uxnx9qwrtv4f\",\"pending_owner\":null,\"pending_expiry\":null}"
"abstract:proxy-local-0":
  - - "\u0000{5}state"
    - "{\"modules\":[\"mock1nvqtjjxkdpqtd74zwggnw4nk263uhszps68l8q4g9nz7emttkc3q5lp2w4\",\"mock1wr6ur9hmnqgpdh5pc9zd0ad8nxfnm52w5kwdm20k4lnxm3264eusxqqhws\",\"mock1v7pmxpk57j5h3sva2dzvepuvg95nzezjcvndwdj5k46ssxwhr24s0l26xn\"]}"
  - - "\u0000{6}ans_host"
    - "{\"address\":\"mock1mzdhwvvh22wrt07w59wxyd58822qavwkx5lcej7aqfkpqqlhaqfsetqc4t\"}"
  - - acc_id
    - "{\"trace\":\"local\",\"seq\":0}"
  - - admin
    - "\"mock1nvqtjjxkdpqtd74zwggnw4nk263uhszps68l8q4g9nz7emttkc3q5lp2w4\""
  - - contract_info
    - "{\"contract\":\"abstract:proxy\",\"version\":\"0.20.0\"}"
"abstract:version-control":
  - - "\u0000\u0003lib\u0000\babstract\u0000\u0005proxy0.20.0"
    - "{\"account_base\":6}"
  - - "\u0000\u0003lib\u0000\babstract\u0000\u0007manager0.20.0"
    - "{\"account_base\":5}"
  - - "\u0000\u0003lib\u0000\babstract\u0000\bans-host0.20.0"
    - "{\"native\":\"mock1mzdhwvvh22wrt07w59wxyd58822qavwkx5lcej7aqfkpqqlhaqfsetqc4t\"}"
  - - "\u0000\u0003lib\u0000\babstract\u0000\nibc-client0.20.0"
    - "{\"native\":\"mock1aaf9r6s7nxhysuegqrxv0wpm27ypyv4886medd3mrkrw6t4yfcns7ctvz5\"}"
  - - "\u0000\u0003lib\u0000\babstract\u0000\u000bstandalone11.0.0"
    - "{\"standalone\":9}"
  - - "\u0000\u0003lib\u0000\babstract\u0000\u000bstandalone21.0.0"
    - "{\"standalone\":10}"
  - - "\u0000\u0003lib\u0000\babstract\u0000\u000emodule-factory0.20.0"
    - "{\"native\":\"mock1wkwy0xh89ksdgj9hr347dyd2dw7zesmtrue6kfzyml4vdtz6e5wsldye53\"}"
  - - "\u0000\u0003lib\u0000\babstract\u0000\u000faccount-factory0.20.0"
    - "{\"native\":\"mock17p9rzwnnfxcjp32un9ug7yhhzgtkhvl9jfksztgw5uh69wac2pgszycl2y\"}"
  - - "\u0000\u0003lib\u0000\babstract\u0000\u000fversion-control0.20.0"
    - "{\"native\":\"mock1wug8sewp6cedgkmrmvhl3lf3tulagm9hnvy8p0rppz9yjw0g4wtqwm38hv\"}"
  - - "\u0000\u0004accs\u0000\u0005local\u0000\u0000\u0000\u0000"
    - "{\"manager\":\"mock1nvqtjjxkdpqtd74zwggnw4nk263uhszps68l8q4g9nz7emttkc3q5lp2w4\",\"proxy\":\"mock18dmqux7kjektxhjxlrdxnt6nrvffa3w82l8h0zns9smffvwy47lq0mtca5\"}"
  - - "\u0000\u0004stli\u0000\u0000\u0000\u0000\u0000\u0000\u0000\t"
    - "{\"namespace\":\"abstract\",\"name\":\"standalone1\",\"version\":{\"version\":\"1.0.0\"}}"
  - - "\u0000\u0004stli\u0000\u0000\u0000\u0000\u0000\u0000\u0000\n"
    - "{\"namespace\":\"abstract\",\"name\":\"standalone2\",\"version\":{\"version\":\"1.0.0\"}}"
  - - "\u0000\u0005nmspcabstract"
    - "{\"trace\":\"local\",\"seq\":0}"
  - - "\u0000\u0007nmspc_a\u0000\u0005local\u0000\u0004\u0000\u0000\u0000\u0000abstract"
    - "8"
  - - cfg
    - "{\"account_factory_address\":\"mock17p9rzwnnfxcjp32un9ug7yhhzgtkhvl9jfksztgw5uh69wac2pgszycl2y\",\"allow_direct_module_registration_and_updates\":true,\"namespace_registration_fee\":null}"
  - - contract_info
    - "{\"contract\":\"abstract:version-control\",\"version\":\"0.20.0\"}"
  - - ownership
    - "{\"owner\":\"mock1pgm8hyk0pvphmlvfjc8wsvk4daluz5tgrw6pu5mfpemk74uxnx9qwrtv4f\",\"pending_owner\":null,\"pending_expiry\":null}"

